// Jest Snapshot v1, https://goo.gl/fbAQLP

exports[`Button render Button component correctly 1`] = `
<View
  accessibilityState={
    {
      "busy": undefined,
      "checked": undefined,
      "disabled": false,
      "expanded": undefined,
      "selected": undefined,
    }
  }
  accessibilityValue={
    {
      "max": undefined,
      "min": undefined,
      "now": undefined,
      "text": undefined,
    }
  }
  accessible={true}
  collapsable={false}
  focusable={true}
  onClick={[Function]}
  onResponderGrant={[Function]}
  onResponderMove={[Function]}
  onResponderRelease={[Function]}
  onResponderTerminate={[Function]}
  onResponderTerminationRequest={[Function]}
  onStartShouldSetResponder={[Function]}
  style={
    {
      "alignItems": "center",
      "backgroundColor": "#A5FF32",
      "borderRadius": 12,
      "color": "#142995",
      "display": "flex",
      "justifyContent": "center",
      "minHeight": 48,
      "opacity": 1,
      "paddingHorizontal": 20,
      "paddingVertical": 12,
      "width": "100%",
    }
  }
>
  <Text
    style={
      [
        {
          "color": "#142995",
          "fontFamily": "PTSans-CaptionRegular",
        },
        {
          "fontSize": 14,
          "lineHeight": 16,
        },
      ]
    }
    testID="text-btn-id"
  >
    Bot√£o
  </Text>
</View>
`;
